rtl/host_bridge_spi.v:106: Warning: Yosys has only limited support for tri-state logic at the moment.
Warning: Replacing memory \det_m with list of registers. See rtl/rd_map_packer.v:94
Warning: Replacing memory \det_d with list of registers. See rtl/rd_map_packer.v:94
Warning: Replacing memory \det_r with list of registers. See rtl/rd_map_packer.v:94
Warning: Replacing memory \mq with list of registers. See rtl/ddc_4x_100m.v:182
Warning: Replacing memory \mi with list of registers. See rtl/ddc_4x_100m.v:182
Warning: Replacing memory \win_hi with list of registers. See rtl/adc_capture_calib.v:143
Warning: Replacing memory \win_lo with list of registers. See rtl/adc_capture_calib.v:143
Warning: Replacing memory \tap_sel with list of registers. See rtl/adc_capture_calib.v:143
Warning: Replacing memory \pass_mask with list of registers. See rtl/adc_capture_calib.v:143
rtl/ad9484_iserdes_capture.v:94: Warning: Replacing floating point parameter g_lane[0].u_idelay.REFCLK_FREQUENCY = 200.000000 with string.
rtl/ad9484_iserdes_capture.v:94: Warning: Replacing floating point parameter g_lane[1].u_idelay.REFCLK_FREQUENCY = 200.000000 with string.
rtl/ad9484_iserdes_capture.v:94: Warning: Replacing floating point parameter g_lane[2].u_idelay.REFCLK_FREQUENCY = 200.000000 with string.
rtl/ad9484_iserdes_capture.v:94: Warning: Replacing floating point parameter g_lane[3].u_idelay.REFCLK_FREQUENCY = 200.000000 with string.
rtl/ad9484_iserdes_capture.v:94: Warning: Replacing floating point parameter g_lane[4].u_idelay.REFCLK_FREQUENCY = 200.000000 with string.
rtl/ad9484_iserdes_capture.v:94: Warning: Replacing floating point parameter g_lane[5].u_idelay.REFCLK_FREQUENCY = 200.000000 with string.
rtl/ad9484_iserdes_capture.v:94: Warning: Replacing floating point parameter g_lane[6].u_idelay.REFCLK_FREQUENCY = 200.000000 with string.
rtl/ad9484_iserdes_capture.v:94: Warning: Replacing floating point parameter g_lane[7].u_idelay.REFCLK_FREQUENCY = 200.000000 with string.
rtl/clk_gen.v:48: Warning: Replacing floating point parameter u_mmcm.CLKFBOUT_MULT_F = 8.000000 with string.
rtl/clk_gen.v:48: Warning: Replacing floating point parameter u_mmcm.CLKFBOUT_PHASE = 0.000000 with string.
rtl/clk_gen.v:48: Warning: Replacing floating point parameter u_mmcm.CLKIN1_PERIOD = 10.000000 with string.
rtl/clk_gen.v:48: Warning: Replacing floating point parameter u_mmcm.CLKOUT0_DIVIDE_F = 4.000000 with string.
rtl/clk_gen.v:48: Warning: Replacing floating point parameter u_mmcm.CLKOUT0_DUTY_CYCLE = 0.500000 with string.
rtl/clk_gen.v:48: Warning: Replacing floating point parameter u_mmcm.CLKOUT0_PHASE = 0.000000 with string.
rtl/clk_gen.v:48: Warning: Replacing floating point parameter u_mmcm.REF_JITTER1 = 0.010000 with string.
rtl/chirp_memory_loader_param.v:112: Warning: Identifier `$time' is implicitly declared.
Warning: Replacing memory \delay_line with list of registers. See rtl/fir_lowpass.v:82
Warning: Wire chirp_memory_loader_param.$time is used but has no driver.
Warning: Wire radar_system_top.$flatten\rx_inst.\chirp_mem.$time is used but has no driver.
