2026-10-09 15:40:33.081 INFO   Freerouting v2.5.0 (build-date: 2026-10-05)
WARNING: Final field userProfileSettings in class app.freerouting.settings.GlobalSettings has been mutated reflectively by class com.google.gson.internal.bind.ReflectiveTypeAdapterFactory$2 in unnamed module @78186a70 (file:/Users/void/PLFM_RADAR/beta/pcb/tools/freerouting-2.5.0.jar)
WARNING: Use --enable-final-field-mutation=ALL-UNNAMED to avoid a warning
WARNING: Mutating final fields will be blocked in a future release unless final field mutation is enabled
2026-10-09 15:40:33.114 WARN   [startup] freerouting.json contains a stale 'logging.file.location' value: '/Users/void/PLFM_RADAR/beta/pcb/POWER_SUPPLY/en/freerouting.log'. The actual log file is being written to '/Users/void/PLFM_RADAR/beta/pcb/MAIN_BOARD_REVB/en/freerouting.log' (as resolved at startup). The stale value will be corrected in freerouting.json on next save. If you see this in Docker, the old JSON was written by an earlier version that stored the host path; the fix is to delete freerouting.json so it is regenerated with the correct path.
2026-10-09 15:40:33.336 INFO   Hardware: 18 CPU cores, 571 CPU score, 9216 MB RAM
2026-10-09 15:40:33.336 WARN   Deprecated settings path '-mp / --router.max_passes'; use '--router.autorouter.max_passes' instead. The old path will be removed in a future release.
2026-10-09 15:40:34.404 WARN   Deprecated settings path 'router.max_passes'; use 'router.autorouter.max_passes' instead. The old path will be removed in a future release.
2026-10-09 15:40:34.412 INFO   Opening 'MAIN_BOARD_REVB_ft601.dsn'...
2026-10-09 15:40:34.927 INFO   [612CBE\92EE63] Loading board file 'MAIN_BOARD_REVB_ft601.dsn'...
2026-10-09 15:40:35.718 INFO   Layer 'In1.Cu' contains a power plane / large copper pour covering >=30% of the board; associated net(s) configured for plane routing.
2026-10-09 15:40:35.718 INFO   Layer 'In4.Cu' contains a power plane / large copper pour covering >=30% of the board; associated net(s) configured for plane routing.
2026-10-09 15:40:35.718 INFO   Layer 'In5.Cu' contains a power plane / large copper pour covering >=30% of the board; associated net(s) configured for plane routing.
2026-10-09 15:40:35.718 INFO   Layer 'In6.Cu' contains a power plane / large copper pour covering >=30% of the board; associated net(s) configured for plane routing.
2026-10-09 15:40:35.719 INFO   Layer 'In8.Cu' contains a power plane / large copper pour covering >=30% of the board; associated net(s) configured for plane routing.
2026-10-09 15:40:35.719 WARN   DSN file 'MAIN_BOARD_REVB_ft601.dsn' was loaded with 48 warning(s).
2026-10-09 15:40:35.743 WARN   Design Error: Component 'R61' pin '2' (ID 904) is outside board outline at (3550,-370500).
2026-10-09 15:40:35.743 WARN   Design Error: Component 'R61' pin '1' (ID 903) is outside board outline at (-1550,-370500).
2026-10-09 15:40:35.743 WARN   Design Error: Component 'R83' pin '2' (ID 874) is outside board outline at (3550,-418000).
2026-10-09 15:40:35.743 WARN   Design Error: Component 'R83' pin '1' (ID 873) is outside board outline at (-1550,-418000).
2026-10-09 15:40:35.743 WARN   Design Error: Component 'R146' pin '2' (ID 736) is outside board outline at (3550,-560500).
2026-10-09 15:40:35.743 WARN   Design Error: Component 'R146' pin '1' (ID 735) is outside board outline at (-1550,-560500).
2026-10-09 15:40:35.743 WARN   Design Error: Component 'R145' pin '2' (ID 696) is outside board outline at (3550,-513000).
2026-10-09 15:40:35.744 WARN   Design Error: Component 'R145' pin '1' (ID 695) is outside board outline at (-1550,-513000).
2026-10-09 15:40:35.744 WARN   Design Error: Component 'R60' pin '2' (ID 678) is outside board outline at (3550,-323000).
2026-10-09 15:40:35.744 WARN   Design Error: Component 'R60' pin '1' (ID 677) is outside board outline at (-1550,-323000).
2026-10-09 15:40:35.744 WARN   Design Error: Component 'R84' pin '2' (ID 630) is outside board outline at (3550,-465500).
2026-10-09 15:40:35.744 WARN   Design Error: Component 'R84' pin '1' (ID 629) is outside board outline at (-1550,-465500).
2026-10-09 15:40:37.233 WARN   Design Warning: Board has 6800 pre-existing clearance violation(s) in the loaded design (before routing):
  - 6800 unfixable violation(s) (cannot be resolved by Freerouting):
      * 18 pin-to-pin clearance violations (first 5 shown):
          - U69.V_8 <-> U69.25
          - U69.V_7 <-> U69.25
          - U69.V_6 <-> U69.25
          - U69.V_5 <-> U69.25
          - U69.V_4 <-> U69.25
          ... and 13 more
      * 6782 fixed trace/via clearance violations (first 5 shown):
          - FixedVia#27701 [net N$76] <-> C89.1
          - FixedVia#27464 [net PA_BIAS1_3] <-> C116.1
          - FixedVia#27451 [net ADAR_TX_LOAD_2] <-> U42.T4
          - FixedVia#27447 [net ADAR_TX_LOAD_2] <-> R70.2
          - FixedVia#27438 [net ADAR_RX_LOAD_2] <-> R71.2
          ... and 6777 more
  - 0 potentially fixable violations
Notice: Freerouting does not modify component placement, board outlines, or fixed items.
Resolving these 6800 unfixable violation(s) is the responsibility of the board author in their EDA tool (e.g. KiCad).
2026-10-09 15:40:41.816 INFO   [612CBE\92EE63] Starting routing of 'MAIN_BOARD_REVB_ft601' on 8 threads...
2026-10-09 15:40:41.893 INFO   [612CBE\92EE63] Pipeline thread limits: autorouter pass is single-threaded, optimizer.max_threads=8.
2026-10-09 15:40:42.661 INFO   [612CBE\92EE63] Fanout stage started on board 'a22854270815c7055b4d205fb350a4e7' with 197 of 3305 SMD pins needing fanout (0 already connected, 3108 netless).
2026-10-09 15:41:43.373 INFO   [612CBE\92EE63] Fanout pass #1 on board 'a66ddfe00d78124c8b45da7691784f8c' completed in 60.36 seconds with 175 SMD pins fanouted, 19 not routed, 0 insert errors, +64 extra vias (0 SMD pins still to check in pass, ripup costs=100).
2026-10-09 15:42:11.558 INFO   [612CBE\92EE63] Fanout pass #2 on board 'b5d0386f57693575d71d87434eb0914c' completed in 27.92 seconds with 80 SMD pins fanouted, 25 not routed, 0 insert errors, +13 extra vias (0 SMD pins still to check in pass, ripup costs=200).
2026-10-09 15:42:33.287 INFO   [612CBE\92EE63] Fanout pass #3 on board 'ed9ddb10d3ae1675e8f773b62d0da1e6' completed in 21.48 seconds with 69 SMD pins fanouted, 21 not routed, 0 insert errors, +9 extra vias (0 SMD pins still to check in pass, ripup costs=300).
2026-10-09 15:42:52.296 INFO   [612CBE\92EE63] Fanout pass #4 on board '228042ca00b5456403bd74cbb344531a' completed in 18.76 seconds with 52 SMD pins fanouted, 24 not routed, 0 insert errors, +6 extra vias (0 SMD pins still to check in pass, ripup costs=400).
2026-10-09 15:43:08.805 INFO   [612CBE\92EE63] Fanout pass #5 on board 'e65e0cdb23f9c513465c9637f3ef2a07' completed in 16.26 seconds with 43 SMD pins fanouted, 27 not routed, 0 insert errors, +0 extra vias (0 SMD pins still to check in pass, ripup costs=500).
2026-10-09 15:43:24.527 INFO   [612CBE\92EE63] Fanout pass #6 on board 'f477d6efad3f018977c452530e029c77' completed in 15.47 seconds with 37 SMD pins fanouted, 28 not routed, 0 insert errors, +0 extra vias (0 SMD pins still to check in pass, ripup costs=600).
2026-10-09 15:43:41.435 INFO   [612CBE\92EE63] Fanout pass #7 on board '6e5c076978c74e1b837f2d07d1476d8f' completed in 16.67 seconds with 32 SMD pins fanouted, 29 not routed, 0 insert errors, +0 extra vias (0 SMD pins still to check in pass, ripup costs=700).
2026-10-09 15:43:58.962 INFO   [612CBE\92EE63] Fanout pass #8 on board '3c916784d270e43353a5a1037f5d7ce0' completed in 17.27 seconds with 29 SMD pins fanouted, 33 not routed, 0 insert errors, +0 extra vias (0 SMD pins still to check in pass, ripup costs=800).
2026-10-09 15:44:14.638 INFO   [612CBE\92EE63] Fanout pass #9 on board '1733ed21cb7064bb40eb1bf4b05b3dda' completed in 15.46 seconds with 30 SMD pins fanouted, 32 not routed, 0 insert errors, +0 extra vias (0 SMD pins still to check in pass, ripup costs=900).
2026-10-09 15:44:29.578 INFO   [612CBE\92EE63] Fanout pass #10 on board '24132b4f724ff23d8c546a02f6ded280' completed in 14.73 seconds with 29 SMD pins fanouted, 32 not routed, 0 insert errors, +1 extra via (0 SMD pins still to check in pass, ripup costs=1000).
2026-10-09 15:44:44.220 INFO   [612CBE\92EE63] Fanout pass #11 on board '483fde9f2e55b8a96005b0477aa16beb' completed in 14.43 seconds with 29 SMD pins fanouted, 32 not routed, 0 insert errors, +0 extra vias (0 SMD pins still to check in pass, ripup costs=1100).
2026-10-09 15:44:58.857 INFO   [612CBE\92EE63] Fanout pass #12 on board '547001ab133f70f9365bac9054b732a9' completed in 14.42 seconds with 29 SMD pins fanouted, 32 not routed, 0 insert errors, +1 extra via (0 SMD pins still to check in pass, ripup costs=1200).
2026-10-09 15:45:13.430 INFO   [612CBE\92EE63] Fanout pass #13 on board 'ecb3257dc7cb14e2a03e0fc14b3af6b2' completed in 14.36 seconds with 29 SMD pins fanouted, 32 not routed, 0 insert errors, +0 extra vias (0 SMD pins still to check in pass, ripup costs=1300).
2026-10-09 15:45:28.676 INFO   [612CBE\92EE63] Fanout pass #14 on board '389a254731c3b404b60c1bc15b8151dc' completed in 15.03 seconds with 29 SMD pins fanouted, 32 not routed, 0 insert errors, +1 extra via (0 SMD pins still to check in pass, ripup costs=1400).
2026-10-09 15:45:43.856 INFO   [612CBE\92EE63] Fanout pass #15 on board 'b88644e51041a044d023de5cca1d94d9' completed in 14.96 seconds with 29 SMD pins fanouted, 32 not routed, 0 insert errors, +0 extra vias (0 SMD pins still to check in pass, ripup costs=1500).
2026-10-09 15:45:58.979 INFO   [612CBE\92EE63] Fanout pass #16 on board '1c494969d0f268100e3c4b6941016093' completed in 14.91 seconds with 29 SMD pins fanouted, 32 not routed, 0 insert errors, +1 extra via (0 SMD pins still to check in pass, ripup costs=1600).
2026-10-09 15:46:13.981 INFO   [612CBE\92EE63] Fanout pass #17 on board '34928fbb5385853c742b084b177b9550' completed in 14.79 seconds with 29 SMD pins fanouted, 32 not routed, 0 insert errors, +0 extra vias (0 SMD pins still to check in pass, ripup costs=1700).
2026-10-09 15:46:29.072 INFO   [612CBE\92EE63] Fanout pass #18 on board 'fa8fc7cce82179e7e89acf961a845dcf' completed in 14.86 seconds with 29 SMD pins fanouted, 32 not routed, 0 insert errors, +1 extra via (0 SMD pins still to check in pass, ripup costs=1800).
2026-10-09 15:46:44.310 INFO   [612CBE\92EE63] Fanout pass #19 on board 'ed8be93d2328869123aa17286359aabe' completed in 15.00 seconds with 29 SMD pins fanouted, 32 not routed, 0 insert errors, +0 extra vias (0 SMD pins still to check in pass, ripup costs=1900).
2026-10-09 15:46:59.926 INFO   [612CBE\92EE63] Fanout pass #20 on board 'f113887c17e6629f4d5c7cd118fdddfd' completed in 15.38 seconds with 29 SMD pins fanouted, 32 not routed, 0 insert errors, +1 extra via (0 SMD pins still to check in pass, ripup costs=2000).
2026-10-09 15:47:02.754 INFO   [612CBE\92EE63] Fanout stage completed: started with 197 total SMD pins, completed in 380.00 seconds, escaped pins: 147/197 (74.6%), using 377.59 total CPU seconds, 166.23 GB total allocated, and 618.9 MB peak heap usage.
2026-10-09 15:47:12.756 INFO   [612CBE\92EE63] Auto-routing stage started on board 'f113887c17e6629f4d5c7cd118fdddfd' with baseline score 299.66 for 75 unrouted items.
2026-10-09 15:49:25.852 WARN   BasicBoard.normalizeTraces: reached 2000 iterations for net '+3V3_FPGA' — stopping to prevent hang. The board geometry for this net may be oscillating (split/combine cycle); traces are kept as-is and further normalization for this net is suppressed on this board candidate.
2026-10-09 15:49:51.241 WARN   BasicBoard.normalizeTraces: reached 2000 iterations for net 'STM32_SDA3' — stopping to prevent hang. The board geometry for this net may be oscillating (split/combine cycle); traces are kept as-is and further normalization for this net is suppressed on this board candidate.
2026-10-09 16:12:22.293 INFO   [612CBE\92EE63] Auto-routing pass #1 on board 'f113887c17e6629f4d5c7cd118fdddfd' was completed in 1506.03 seconds with score 399.66 (62 unrouted and 6800 violations), using 1868.47 CPU seconds and the job allocated 1874.72 GB of memory so far.
2026-10-09 16:12:33.208 INFO   [612CBE\92EE63] Auto-routing stage interrupted: started with 132 unrouted nets, completed in 1911.39 seconds, final score: 399.66 (62 unrouted and 6800 violations), using 1879.47 total CPU seconds, 1878.97 GB total allocated, and 5887.5 MB peak heap usage.
2026-10-09 16:12:33.411 WARN   [612CBE\92EE63] Invalid traces after autoroute: 2594 traces not 45 degree
2026-10-09 16:12:37.078 INFO   Saving 'MAIN_BOARD_REVB_ft601.ses'...
2026-10-09 16:12:37.992 INFO   Saved 80718 bytes to 'MAIN_BOARD_REVB_ft601.ses'.
