2026-10-09 14:09:57.416 INFO   Freerouting v2.5.0 (build-date: 2026-10-05)
WARNING: Final field userProfileSettings in class app.freerouting.settings.GlobalSettings has been mutated reflectively by class com.google.gson.internal.bind.ReflectiveTypeAdapterFactory$2 in unnamed module @78186a70 (file:/Users/void/PLFM_RADAR/beta/pcb/tools/freerouting-2.5.0.jar)
WARNING: Use --enable-final-field-mutation=ALL-UNNAMED to avoid a warning
WARNING: Mutating final fields will be blocked in a future release unless final field mutation is enabled
2026-10-09 14:09:57.711 INFO   Hardware: 18 CPU cores, 318 CPU score, 9216 MB RAM
2026-10-09 14:09:57.712 WARN   Deprecated settings path '-mp / --router.max_passes'; use '--router.autorouter.max_passes' instead. The old path will be removed in a future release.
2026-10-09 14:09:58.767 WARN   Deprecated settings path 'router.max_passes'; use 'router.autorouter.max_passes' instead. The old path will be removed in a future release.
2026-10-09 14:09:58.775 INFO   Opening 'POWER_SUPPLY_pass2.dsn'...
2026-10-09 14:09:59.369 INFO   [3BCC46\67C884] Loading board file 'POWER_SUPPLY_pass2.dsn'...
2026-10-09 14:09:59.689 INFO   Layer 'F.Cu' contains a power plane / large copper pour covering >=30% of the board; associated net(s) configured for plane routing.
2026-10-09 14:09:59.689 INFO   Layer 'B.Cu' contains a power plane / large copper pour covering >=30% of the board; associated net(s) configured for plane routing.
2026-10-09 14:09:59.690 WARN   DSN file 'POWER_SUPPLY_pass2.dsn' was loaded with 42 warning(s).
2026-10-09 14:10:08.953 WARN   Design Warning: Board has 23 pre-existing clearance violation(s) in the loaded design (before routing):
  - 23 unfixable violation(s) (cannot be resolved by Freerouting):
      * 8 pin-to-pin clearance violations (first 5 shown):
          - U32.V_3 <-> U32.21 [net GND]
          - U32.V_2 <-> U32.21 [net GND]
          - U32.V_1 <-> U32.21 [net GND]
          - U32.V <-> U32.21 [net GND]
          - U34.V_3 <-> U34.21 [net GND]
          ... and 3 more
      * 15 fixed trace/via clearance violations (first 5 shown):
          - FixedTrace#6529 [net N$34] <-> U12.3 [net VIN]
          - FixedTrace#6529 [net N$34] <-> U12.1 [net GND]
          - FixedTrace#6001 [net N$10] <-> U4.3 [net VIN]
          - FixedTrace#6001 [net N$10] <-> U4.1 [net GND]
          - FixedTrace#5428 [net N$7] <-> U3.3 [net VIN]
          ... and 10 more
  - 0 potentially fixable violations
Notice: Freerouting does not modify component placement, board outlines, or fixed items.
Resolving these 23 unfixable violation(s) is the responsibility of the board author in their EDA tool (e.g. KiCad).
2026-10-09 14:10:14.004 INFO   [3BCC46\67C884] Starting routing of 'POWER_SUPPLY_pass2' on 8 threads...
2026-10-09 14:10:14.047 INFO   [3BCC46\67C884] Pipeline thread limits: autorouter pass is single-threaded, optimizer.max_threads=8.
2026-10-09 14:10:32.798 INFO   [3BCC46\67C884] Fanout stage started on board 'd705de7fda1311174f9ae805205f4f61' with 299 of 746 SMD pins needing fanout (423 already connected, 24 netless).
2026-10-09 14:11:07.607 WARN   BasicBoard.normalizeTraces: reached 2000 iterations for net '+3V3_SW' — stopping to prevent hang. The board geometry for this net may be oscillating (split/combine cycle); traces are kept as-is and further normalization for this net is suppressed on this board candidate.
2026-10-09 14:11:18.470 WARN   BasicBoard.normalizeTraces: reached 2000 iterations for net '+3V3' — stopping to prevent hang. The board geometry for this net may be oscillating (split/combine cycle); traces are kept as-is and further normalization for this net is suppressed on this board candidate.
2026-10-09 14:11:29.595 INFO   [3BCC46\67C884] Fanout pass #1 on board '5997db25f32df48b1db37191788bc672' completed in 47.67 seconds with 134 SMD pins fanouted, 0 not routed, 0 insert errors, +9 extra vias (0 SMD pins still to check in pass, ripup costs=100).
2026-10-09 14:12:07.654 INFO   [3BCC46\67C884] Fanout pass #2 on board '06eb9070e8259f54cf65063bfb089275' completed in 38.03 seconds with 113 SMD pins fanouted, 0 not routed, 0 insert errors, +1 extra via (0 SMD pins still to check in pass, ripup costs=200).
2026-10-09 14:12:37.248 INFO   [3BCC46\67C884] Fanout pass #3 on board '45e923b6d8e02c25534a659caec1ac84' completed in 29.57 seconds with 112 SMD pins fanouted, 0 not routed, 0 insert errors, +0 extra vias (0 SMD pins still to check in pass, ripup costs=300).
2026-10-09 14:13:05.047 INFO   [3BCC46\67C884] Fanout pass #4 on board '06eb9070e8259f54cf65063bfb089275' completed in 27.77 seconds with 112 SMD pins fanouted, 0 not routed, 0 insert errors, +0 extra vias (0 SMD pins still to check in pass, ripup costs=400).
2026-10-09 14:13:33.738 INFO   [3BCC46\67C884] Fanout pass #5 on board '7cce38361299907aa7bf93b0f8c9913f' completed in 28.66 seconds with 112 SMD pins fanouted, 0 not routed, 0 insert errors, +0 extra vias (0 SMD pins still to check in pass, ripup costs=500).
2026-10-09 14:14:01.496 INFO   [3BCC46\67C884] Fanout pass #6 on board '06eb9070e8259f54cf65063bfb089275' completed in 27.73 seconds with 112 SMD pins fanouted, 0 not routed, 0 insert errors, +0 extra vias (0 SMD pins still to check in pass, ripup costs=600).
2026-10-09 14:14:01.497 INFO   Fanout stopped after 6 passes: no progress for 3 consecutive passes.
2026-10-09 14:14:07.812 INFO   [3BCC46\67C884] Fanout stage completed: started with 722 total SMD pins, completed in 205.94 seconds, escaped pins: 662/722 (91.7%), using 209.43 total CPU seconds, 94.98 GB total allocated, and 294.2 MB peak heap usage.
2026-10-09 14:14:30.714 INFO   [3BCC46\67C884] Auto-routing stage started on board '06eb9070e8259f54cf65063bfb089275' with baseline score 815.18 for 100 unrouted items.
2026-10-09 14:15:49.509 WARN   BasicBoard.normalizeTraces: reached 2000 iterations for net '+5V0_4' — stopping to prevent hang. The board geometry for this net may be oscillating (split/combine cycle); traces are kept as-is and further normalization for this net is suppressed on this board candidate.
2026-10-09 14:16:26.561 INFO   [3BCC46\67C884] Auto-routing pass #1 on board '06eb9070e8259f54cf65063bfb089275' was completed in 107.51 seconds with score 861.15 (75 unrouted and 23 violations), using 353.53 CPU seconds and the job allocated 182.05 GB of memory so far.
2026-10-09 14:17:44.942 INFO   [3BCC46\67C884] Auto-routing pass #2 on board '4e97902ae7891609ee3757373025e79c' was completed in 72.28 seconds with score 861.15 (75 unrouted and 23 violations), using 430.58 CPU seconds and the job allocated 224.05 GB of memory so far.
2026-10-09 14:19:12.283 INFO   [3BCC46\67C884] Auto-routing pass #3 on board 'd4776a951bf198a0629984dfa5e69cf4' was completed in 81.62 seconds with score 861.15 (75 unrouted and 23 violations), using 504.75 CPU seconds and the job allocated 265.93 GB of memory so far.
2026-10-09 14:20:17.142 INFO   [3BCC46\67C884] Auto-routing pass #4 on board 'd4776a951bf198a0629984dfa5e69cf4' was completed in 64.80 seconds with score 861.15 (75 unrouted and 23 violations), using 570.17 CPU seconds and the job allocated 305.04 GB of memory so far.
2026-10-09 14:25:13.416 INFO   [3BCC46\67C884] Auto-routing pass #5 on board 'd4776a951bf198a0629984dfa5e69cf4' was completed in 296.21 seconds with score 861.15 (75 unrouted and 23 violations), using 636.80 CPU seconds and the job allocated 339.64 GB of memory so far.
2026-10-09 14:25:13.827 INFO   Saving 'POWER_SUPPLY_pass2.ses'...
2026-10-09 14:25:13.880 INFO   Saved 21719 bytes to 'POWER_SUPPLY_pass2.ses'.
